144 e' divisivel por 2
144 e' divisivel por 3
144 e' divisivel por 4
144 e' divisivel por 6
144 e' divisivel por 8
144 e' divisivel por 9
144 e' divisivel por 12
144 e' divisivel por 16
144 e' divisivel por 18
144 e' divisivel por 24
144 e' divisivel por 36
144 e' divisivel por 48
144 e' divisivel por 72
