USAGE: histograma lower-limit upper-limit step [random]
